../Drivers/SSD1306/Src/ssd1306.c:9:6:ssd1306_Reset	4	static
../Drivers/SSD1306/Src/ssd1306.c:14:6:ssd1306_WriteCommand	32	static
../Drivers/SSD1306/Src/ssd1306.c:19:6:ssd1306_WriteData	32	static
../Drivers/SSD1306/Src/ssd1306.c:64:17:ssd1306_FillBuffer	24	static
../Drivers/SSD1306/Src/ssd1306.c:74:6:ssd1306_Init	8	static
../Drivers/SSD1306/Src/ssd1306.c:176:6:ssd1306_Fill	24	static
../Drivers/SSD1306/Src/ssd1306.c:185:6:ssd1306_UpdateScreen	16	static
../Drivers/SSD1306/Src/ssd1306.c:206:6:ssd1306_DrawPixel	16	static
../Drivers/SSD1306/Src/ssd1306.c:226:6:ssd1306_WriteChar	48	static
../Drivers/SSD1306/Src/ssd1306.c:261:6:ssd1306_WriteString	24	static
../Drivers/SSD1306/Src/ssd1306.c:275:6:ssd1306_SetCursor	16	static
../Drivers/SSD1306/Src/ssd1306.c:281:6:ssd1306_Line	48	static
../Drivers/SSD1306/Src/ssd1306.c:308:6:ssd1306_Polyline	40	static
../Drivers/SSD1306/Src/ssd1306.c:322:14:ssd1306_DegToRad	16	static
../Drivers/SSD1306/Src/ssd1306.c:327:17:ssd1306_NormalizeTo0_360	24	static
../Drivers/SSD1306/Src/ssd1306.c:343:6:ssd1306_DrawArc	56	static
../Drivers/SSD1306/Src/ssd1306.c:383:6:ssd1306_DrawArcWithRadiusLine	64	static
../Drivers/SSD1306/Src/ssd1306.c:426:6:ssd1306_DrawCircle	40	static
../Drivers/SSD1306/Src/ssd1306.c:461:6:ssd1306_FillCircle	48	static
../Drivers/SSD1306/Src/ssd1306.c:497:6:ssd1306_DrawRectangle	32	static
../Drivers/SSD1306/Src/ssd1306.c:507:6:ssd1306_FillRectangle	32	static
../Drivers/SSD1306/Src/ssd1306.c:522:6:ssd1306_DrawBitmap	24	static
../Drivers/SSD1306/Src/ssd1306.c:546:6:ssd1306_SetContrast	24	static
../Drivers/SSD1306/Src/ssd1306.c:552:6:ssd1306_SetDisplayOn	24	static
../Drivers/SSD1306/Src/ssd1306.c:564:9:ssd1306_GetDisplayOn	4	static
