../Core/Src/main.c:80:5:main	16	static
../Core/Src/main.c:134:6:SystemClock_Config	88	static
../Core/Src/main.c:184:13:MX_I2C3_Init	8	static
../Core/Src/main.c:218:13:MX_RTC_Init	32	static
../Core/Src/main.c:286:13:MX_DMA_Init	16	static
../Core/Src/main.c:307:13:MX_GPIO_Init	40	static
../Core/Src/main.c:333:13:write_blue_line	16	static
../Core/Src/main.c:338:13:write_header_line	16	static
../Core/Src/main.c:343:13:update_display	224	static
../Core/Src/main.c:368:6:Error_Handler	4	static,ignoring_inline_asm
